
[1m[46m RUN [49m[22m [36mv4.0.17 [39m[90mC:/dev/github/business/Divorce-Ledger-AI[39m

 [31mΓ¥»[39m server/tests/superadmin.test.ts [2m([22m[2m0 test[22m[2m)[22m
 [31mΓ¥»[39m server/services/appwrite/__tests__/qualityAnalysis.test.ts [2m([22m[2m0 test[22m[2m)[22m
 [31mΓ¥»[39m server/services/__tests__/tier-limits.test.ts [2m([22m[2m0 test[22m[2m)[22m
 [31mΓ¥»[39m server/services/appwrite/__tests__/goldenSet.test.ts [2m([22m[2m0 test[22m[2m)[22m
 [31mΓ¥»[39m server/tests/api.test.ts [2m([22m[2m0 test[22m[2m)[22m
 [31mΓ¥»[39m server/services/appwrite/__tests__/extractionPipeline.test.ts [2m([22m[2m0 test[22m[2m)[22m
 [31mΓ¥»[39m client/src/__tests__/smoke.test.ts [2m([22m[2m0 test[22m[2m)[22m
 [31mΓ¥»[39m server/services/appwrite/__tests__/stateMachine.test.ts [2m([22m[2m0 test[22m[2m)[22m
 [31mΓ¥»[39m server/tests/env.test.ts [2m([22m[2m0 test[22m[2m)[22m
 [31mΓ¥»[39m server/services/appwrite/__tests__/hardening.test.ts [2m([22m[2m0 test[22m[2m)[22m

[2m Test Files [22m [1m[31m10 failed[39m[22m[90m (10)[39m
[2m      Tests [22m [2mno tests[22m
[2m   Start at [22m 11:10:20
[2m   Duration [22m 988ms[2m (transform 0ms, setup 0ms, import 0ms, tests 0ms, environment 7.52s)[22m

